// Jest Snapshot v1, https://goo.gl/fbAQLP

exports[`Test on conponente <HomeScreen /> should show itself correctly 1`] = `
<div>
  <h1>
    HomeScreen
  </h1>
  <hr />
  <pre>
    {
   "name": "Victor",
   "email": "viktorb.132@gmail.com"
}
  </pre>
</div>
`;
