// Jest Snapshot v1, https://goo.gl/fbAQLP

exports[`test on file HookApp should show <HookApp /> correctly 1`] = `
<div>
  <h1>
    Hello world
  </h1>
</div>
`;
